ARM Linker, 5.03 [Build 76] [MDK-ARM Standard]

==============================================================================

Section Cross References

    xoa v1.2.0 max=600ma.o(.text) refers to dflt_noclz.o(x$fpl$dfltu) for __aeabi_ui2d
    xoa v1.2.0 max=600ma.o(.text) refers to dmul.o(x$fpl$dmul) for __aeabi_dmul
    xoa v1.2.0 max=600ma.o(.text) refers to ddiv.o(x$fpl$ddiv) for __aeabi_ddiv
    xoa v1.2.0 max=600ma.o(.text) refers to daddsub_noclz.o(x$fpl$dsub) for __aeabi_dsub
    xoa v1.2.0 max=600ma.o(.text) refers to dleqf.o(x$fpl$dleqf) for __aeabi_cdcmple
    xoa v1.2.0 max=600ma.o(.text) refers to dfixu.o(x$fpl$dfixu) for __aeabi_d2uiz
    xoa v1.2.0 max=600ma.o(.text) refers to drleqf.o(x$fpl$drleqf) for __aeabi_cdrcmple
    xoa v1.2.0 max=600ma.o(.text) refers to log10.o(i.log10) for log10
    xoa v1.2.0 max=600ma.o(.text) refers to daddsub_noclz.o(x$fpl$dadd) for __aeabi_dadd
    xoa v1.2.0 max=600ma.o(.text) refers to pow.o(i.pow) for pow
    xoa v1.2.0 max=600ma.o(.text) refers to dflt_noclz.o(x$fpl$dflt) for __aeabi_i2d
    xoa v1.2.0 max=600ma.o(.text) refers to xoa v1.2.0 max=600ma.o(.data) for coe_i
    xoa v1.2.0 max=600ma.o(.text) refers to irq_arm.o(.data) for IRQ
    xoa v1.2.0 max=600ma.o(.text) refers to xoa v1.2.0 max=600ma.o(.bss) for ADC0_Result
    startup_rv.o(STACK) refers (Special) to heapauxi.o(.text) for __use_two_region_memory
    startup_rv.o(HEAP) refers (Special) to heapauxi.o(.text) for __use_two_region_memory
    startup_rv.o(Reset) refers (Special) to heapauxi.o(.text) for __use_two_region_memory
    startup_rv.o(Reset) refers to irq_arm.o(.text) for Undef_Handler
    startup_rv.o(Reset) refers to startup_rv.o(STACK) for Stack_Top
    startup_rv.o(Reset) refers to __main.o(!!!main) for __main
    startup_rv.o(.text) refers (Special) to heapauxi.o(.text) for __use_two_region_memory
    startup_rv.o(.text) refers to startup_rv.o(HEAP) for Heap_Mem
    startup_rv.o(.text) refers to startup_rv.o(STACK) for Stack_Mem
    irq_arm.o(.text) refers to irq_arm.o(.data) for IRQ
    __main.o(!!!main) refers to rtentry.o(.ARM.Collect$$rtentry$$00000000) for __rt_entry
    daddsub_noclz.o(x$fpl$dadd) refers (Special) to usenofp.o(x$fpl$usenofp) for __I$use$fp
    daddsub_noclz.o(x$fpl$dadd) refers to daddsub_noclz.o(x$fpl$dsub) for _dsub1
    daddsub_noclz.o(x$fpl$dadd) refers to dretinf.o(x$fpl$dretinf) for __fpl_dretinf
    daddsub_noclz.o(x$fpl$dadd) refers to dnaninf.o(x$fpl$dnaninf) for __fpl_dnaninf
    daddsub_noclz.o(x$fpl$drsb) refers (Special) to usenofp.o(x$fpl$usenofp) for __I$use$fp
    daddsub_noclz.o(x$fpl$drsb) refers to daddsub_noclz.o(x$fpl$dadd) for _dadd1
    daddsub_noclz.o(x$fpl$drsb) refers to daddsub_noclz.o(x$fpl$dsub) for _dsub1
    daddsub_noclz.o(x$fpl$dsub) refers (Special) to usenofp.o(x$fpl$usenofp) for __I$use$fp
    daddsub_noclz.o(x$fpl$dsub) refers to daddsub_noclz.o(x$fpl$dadd) for _dadd1
    daddsub_noclz.o(x$fpl$dsub) refers to dnaninf.o(x$fpl$dnaninf) for __fpl_dnaninf
    ddiv.o(x$fpl$drdiv) refers (Special) to usenofp.o(x$fpl$usenofp) for __I$use$fp
    ddiv.o(x$fpl$drdiv) refers to ddiv.o(x$fpl$ddiv) for ddiv_entry
    ddiv.o(x$fpl$ddiv) refers (Special) to usenofp.o(x$fpl$usenofp) for __I$use$fp
    ddiv.o(x$fpl$ddiv) refers to dretinf.o(x$fpl$dretinf) for __fpl_dretinf
    ddiv.o(x$fpl$ddiv) refers to dnaninf.o(x$fpl$dnaninf) for __fpl_dnaninf
    dfixu.o(x$fpl$dfixu) refers (Special) to usenofp.o(x$fpl$usenofp) for __I$use$fp
    dfixu.o(x$fpl$dfixu) refers to dnaninf.o(x$fpl$dnaninf) for __fpl_dnaninf
    dfixu.o(x$fpl$dfixur) refers (Special) to usenofp.o(x$fpl$usenofp) for __I$use$fp
    dfixu.o(x$fpl$dfixur) refers to dnaninf.o(x$fpl$dnaninf) for __fpl_dnaninf
    dflt_noclz.o(x$fpl$dfltu) refers (Special) to usenofp.o(x$fpl$usenofp) for __I$use$fp
    dflt_noclz.o(x$fpl$dfltu) refers to dflt_noclz.o(x$fpl$dflt) for __dflt_normalise
    dflt_noclz.o(x$fpl$dflt) refers (Special) to usenofp.o(x$fpl$usenofp) for __I$use$fp
    dleqf.o(x$fpl$dleqf) refers (Special) to usenofp.o(x$fpl$usenofp) for __I$use$fp
    dleqf.o(x$fpl$dleqf) refers to dnaninf.o(x$fpl$dnaninf) for __fpl_dnaninf
    dleqf.o(x$fpl$dleqf) refers to dcmpi.o(x$fpl$dcmpinf) for __fpl_dcmp_Inf
    dmul.o(x$fpl$dmul) refers (Special) to usenofp.o(x$fpl$usenofp) for __I$use$fp
    dmul.o(x$fpl$dmul) refers to dretinf.o(x$fpl$dretinf) for __fpl_dretinf
    dmul.o(x$fpl$dmul) refers to dnaninf.o(x$fpl$dnaninf) for __fpl_dnaninf
    drleqf.o(x$fpl$drleqf) refers (Special) to usenofp.o(x$fpl$usenofp) for __I$use$fp
    drleqf.o(x$fpl$drleqf) refers to dleqf.o(x$fpl$dleqf) for __fpl_dcmple_InfNaN
    log10.o(i.__softfp_log10) refers (Special) to usenofp.o(x$fpl$usenofp) for __I$use$fp
    log10.o(i.__softfp_log10) refers to log10.o(i.log10) for log10
    log10.o(i.log10) refers (Special) to usenofp.o(x$fpl$usenofp) for __I$use$fp
    log10.o(i.log10) refers to scalbn.o(x$fpl$scalbn) for __ARM_scalbn
    log10.o(i.log10) refers to _rserrno.o(.text) for __set_errno
    log10.o(i.log10) refers to ddiv.o(x$fpl$ddiv) for __aeabi_ddiv
    log10.o(i.log10) refers to dflt_noclz.o(x$fpl$dflt) for __aeabi_i2d
    log10.o(i.log10) refers to log.o(i.log) for log
    log10.o(i.log10) refers to dmul.o(x$fpl$dmul) for __aeabi_dmul
    log10.o(i.log10) refers to daddsub_noclz.o(x$fpl$dadd) for __aeabi_dadd
    log10_x.o(i.____softfp_log10$lsc) refers (Special) to usenofp.o(x$fpl$usenofp) for __I$use$fp
    log10_x.o(i.____softfp_log10$lsc) refers to log10_x.o(i.__log10$lsc) for __log10$lsc
    log10_x.o(i.__log10$lsc) refers (Special) to usenofp.o(x$fpl$usenofp) for __I$use$fp
    log10_x.o(i.__log10$lsc) refers to scalbn.o(x$fpl$scalbn) for __ARM_scalbn
    log10_x.o(i.__log10$lsc) refers to _rserrno.o(.text) for __set_errno
    log10_x.o(i.__log10$lsc) refers to dflt_noclz.o(x$fpl$dflt) for __aeabi_i2d
    log10_x.o(i.__log10$lsc) refers to log.o(i.log) for log
    log10_x.o(i.__log10$lsc) refers to dmul.o(x$fpl$dmul) for __aeabi_dmul
    log10_x.o(i.__log10$lsc) refers to daddsub_noclz.o(x$fpl$dadd) for __aeabi_dadd
    pow.o(i.__softfp_pow) refers (Special) to usenofp.o(x$fpl$usenofp) for __I$use$fp
    pow.o(i.__softfp_pow) refers to pow.o(i.pow) for pow
    pow.o(i.pow) refers (Special) to usenofp.o(x$fpl$usenofp) for __I$use$fp
    pow.o(i.pow) refers to daddsub_noclz.o(x$fpl$dadd) for __aeabi_dadd
    pow.o(i.pow) refers to _rserrno.o(.text) for __set_errno
    pow.o(i.pow) refers to ddiv.o(x$fpl$ddiv) for __aeabi_ddiv
    pow.o(i.pow) refers to sqrt.o(i.sqrt) for sqrt
    pow.o(i.pow) refers to dmul.o(x$fpl$dmul) for __aeabi_dmul
    pow.o(i.pow) refers to scalbn.o(x$fpl$scalbn) for __ARM_scalbn
    pow.o(i.pow) refers to dunder.o(i.__mathlib_dbl_underflow) for __mathlib_dbl_underflow
    pow.o(i.pow) refers to daddsub_noclz.o(x$fpl$dsub) for __aeabi_dsub
    pow.o(i.pow) refers to daddsub_noclz.o(x$fpl$drsb) for __aeabi_drsub
    pow.o(i.pow) refers to poly.o(i.__kernel_poly) for __kernel_poly
    pow.o(i.pow) refers to dflt_noclz.o(x$fpl$dflt) for __aeabi_i2d
    pow.o(i.pow) refers to drleqf.o(x$fpl$drleqf) for __aeabi_cdrcmple
    pow.o(i.pow) refers to fpclassify.o(i.__ARM_fpclassify) for __ARM_fpclassify
    pow.o(i.pow) refers to qnan.o(.constdata) for __mathlib_zero
    pow.o(i.pow) refers to pow.o(.constdata) for .constdata
    pow.o(.constdata) refers (Special) to usenofp.o(x$fpl$usenofp) for __I$use$fp
    pow_x.o(i.____softfp_pow$lsc) refers (Special) to usenofp.o(x$fpl$usenofp) for __I$use$fp
    pow_x.o(i.____softfp_pow$lsc) refers to pow_x.o(i.__pow$lsc) for __pow$lsc
    pow_x.o(i.__pow$lsc) refers (Special) to usenofp.o(x$fpl$usenofp) for __I$use$fp
    pow_x.o(i.__pow$lsc) refers to daddsub_noclz.o(x$fpl$dadd) for __aeabi_dadd
    pow_x.o(i.__pow$lsc) refers to _rserrno.o(.text) for __set_errno
    pow_x.o(i.__pow$lsc) refers to ddiv.o(x$fpl$ddiv) for __aeabi_ddiv
    pow_x.o(i.__pow$lsc) refers to sqrt.o(i.sqrt) for sqrt
    pow_x.o(i.__pow$lsc) refers to dmul.o(x$fpl$dmul) for __aeabi_dmul
    pow_x.o(i.__pow$lsc) refers to dflt_noclz.o(x$fpl$dflt) for __aeabi_i2d
    pow_x.o(i.__pow$lsc) refers to daddsub_noclz.o(x$fpl$dsub) for __aeabi_dsub
    pow_x.o(i.__pow$lsc) refers to scalbn.o(x$fpl$scalbn) for __ARM_scalbn
    pow_x.o(i.__pow$lsc) refers to daddsub_noclz.o(x$fpl$drsb) for __aeabi_drsub
    pow_x.o(i.__pow$lsc) refers to poly.o(i.__kernel_poly) for __kernel_poly
    pow_x.o(i.__pow$lsc) refers to drleqf.o(x$fpl$drleqf) for __aeabi_cdrcmple
    pow_x.o(i.__pow$lsc) refers to qnan.o(.constdata) for __mathlib_zero
    pow_x.o(i.__pow$lsc) refers to pow_x.o(.constdata) for .constdata
    pow_x.o(.constdata) refers (Special) to usenofp.o(x$fpl$usenofp) for __I$use$fp
    rtentry.o(.ARM.Collect$$rtentry$$00000000) refers (Special) to rtentry2.o(.ARM.Collect$$rtentry$$0000000A) for __rt_entry_li
    rtentry.o(.ARM.Collect$$rtentry$$00000000) refers (Special) to rtentry2.o(.ARM.Collect$$rtentry$$0000000D) for __rt_entry_main
    rtentry.o(.ARM.Collect$$rtentry$$00000000) refers (Special) to rtentry2.o(.ARM.Collect$$rtentry$$0000000C) for __rt_entry_postli_1
    rtentry.o(.ARM.Collect$$rtentry$$00000000) refers (Special) to rtentry2.o(.ARM.Collect$$rtentry$$00000009) for __rt_entry_postsh_1
    rtentry.o(.ARM.Collect$$rtentry$$00000000) refers (Special) to rtentry2.o(.ARM.Collect$$rtentry$$00000002) for __rt_entry_presh_1
    rtentry.o(.ARM.Collect$$rtentry$$00000000) refers (Special) to rtentry4.o(.ARM.Collect$$rtentry$$00000004) for __rt_entry_sh
    _rserrno.o(.text) refers to rt_errno_addr_intlibspace.o(.text) for __aeabi_errno_addr
    dcmpi.o(x$fpl$dcmpinf) refers (Special) to usenofp.o(x$fpl$usenofp) for __I$use$fp
    dnaninf.o(x$fpl$dnaninf) refers (Special) to usenofp.o(x$fpl$usenofp) for __I$use$fp
    dretinf.o(x$fpl$dretinf) refers (Special) to usenofp.o(x$fpl$usenofp) for __I$use$fp
    scalbn.o(x$fpl$scalbn) refers (Special) to usenofp.o(x$fpl$usenofp) for __I$use$fp
    scalbn.o(x$fpl$scalbn) refers to dcheck1.o(x$fpl$dcheck1) for __fpl_dcheck_NaN1
    dunder.o(i.__mathlib_dbl_underflow) refers to scalbn.o(x$fpl$scalbn) for __ARM_scalbn
    fpclassify.o(i.__ARM_fpclassify) refers (Special) to usenofp.o(x$fpl$usenofp) for __I$use$fp
    log.o(i.__softfp_log) refers (Special) to usenofp.o(x$fpl$usenofp) for __I$use$fp
    log.o(i.__softfp_log) refers to log.o(i.log) for log
    log.o(i.log) refers (Special) to usenofp.o(x$fpl$usenofp) for __I$use$fp
    log.o(i.log) refers to scalbn.o(x$fpl$scalbn) for __ARM_scalbn
    log.o(i.log) refers to _rserrno.o(.text) for __set_errno
    log.o(i.log) refers to ddiv.o(x$fpl$ddiv) for __aeabi_ddiv
    log.o(i.log) refers to daddsub_noclz.o(x$fpl$dsub) for __aeabi_dsub
    log.o(i.log) refers to deqf.o(x$fpl$deqf) for __aeabi_cdcmpeq
    log.o(i.log) refers to dflt_noclz.o(x$fpl$dflt) for __aeabi_i2d
    log.o(i.log) refers to dmul.o(x$fpl$dmul) for __aeabi_dmul
    log.o(i.log) refers to daddsub_noclz.o(x$fpl$dadd) for __aeabi_dadd
    log.o(i.log) refers to daddsub_noclz.o(x$fpl$drsb) for __aeabi_drsub
    log.o(i.log) refers to poly.o(i.__kernel_poly) for __kernel_poly
    log.o(i.log) refers to qnan.o(.constdata) for __mathlib_zero
    log.o(i.log) refers to log.o(.constdata) for .constdata
    log.o(.constdata) refers (Special) to usenofp.o(x$fpl$usenofp) for __I$use$fp
    log_x.o(i.____softfp_log$lsc) refers (Special) to usenofp.o(x$fpl$usenofp) for __I$use$fp
    log_x.o(i.____softfp_log$lsc) refers to log_x.o(i.__log$lsc) for __log$lsc
    log_x.o(i.__log$lsc) refers (Special) to usenofp.o(x$fpl$usenofp) for __I$use$fp
    log_x.o(i.__log$lsc) refers to scalbn.o(x$fpl$scalbn) for __ARM_scalbn
    log_x.o(i.__log$lsc) refers to _rserrno.o(.text) for __set_errno
    log_x.o(i.__log$lsc) refers to daddsub_noclz.o(x$fpl$dsub) for __aeabi_dsub
    log_x.o(i.__log$lsc) refers to deqf.o(x$fpl$deqf) for __aeabi_cdcmpeq
    log_x.o(i.__log$lsc) refers to dflt_noclz.o(x$fpl$dflt) for __aeabi_i2d
    log_x.o(i.__log$lsc) refers to dmul.o(x$fpl$dmul) for __aeabi_dmul
    log_x.o(i.__log$lsc) refers to daddsub_noclz.o(x$fpl$dadd) for __aeabi_dadd
    log_x.o(i.__log$lsc) refers to daddsub_noclz.o(x$fpl$drsb) for __aeabi_drsub
    log_x.o(i.__log$lsc) refers to ddiv.o(x$fpl$ddiv) for __aeabi_ddiv
    log_x.o(i.__log$lsc) refers to poly.o(i.__kernel_poly) for __kernel_poly
    log_x.o(i.__log$lsc) refers to qnan.o(.constdata) for __mathlib_zero
    log_x.o(i.__log$lsc) refers to log_x.o(.constdata) for .constdata
    log_x.o(.constdata) refers (Special) to usenofp.o(x$fpl$usenofp) for __I$use$fp
    poly.o(i.__kernel_poly) refers (Special) to usenofp.o(x$fpl$usenofp) for __I$use$fp
    poly.o(i.__kernel_poly) refers to dmul.o(x$fpl$dmul) for __aeabi_dmul
    poly.o(i.__kernel_poly) refers to daddsub_noclz.o(x$fpl$dadd) for __aeabi_dadd
    qnan.o(.constdata) refers (Special) to usenofp.o(x$fpl$usenofp) for __I$use$fp
    sqrt.o(i.__softfp_sqrt) refers (Special) to usenofp.o(x$fpl$usenofp) for __I$use$fp
    sqrt.o(i.__softfp_sqrt) refers to dsqrt_noumaal.o(x$fpl$dsqrt) for _dsqrt
    sqrt.o(i.__softfp_sqrt) refers to _rserrno.o(.text) for __set_errno
    sqrt.o(i.sqrt) refers (Special) to usenofp.o(x$fpl$usenofp) for __I$use$fp
    sqrt.o(i.sqrt) refers to dsqrt_noumaal.o(x$fpl$dsqrt) for _dsqrt
    sqrt.o(i.sqrt) refers to _rserrno.o(.text) for __set_errno
    sqrt_x.o(i.____softfp_sqrt$lsc) refers (Special) to usenofp.o(x$fpl$usenofp) for __I$use$fp
    sqrt_x.o(i.____softfp_sqrt$lsc) refers to dleqf.o(x$fpl$dleqf) for __aeabi_cdcmple
    sqrt_x.o(i.____softfp_sqrt$lsc) refers to _rserrno.o(.text) for __set_errno
    sqrt_x.o(i.____softfp_sqrt$lsc) refers to dsqrt_noumaal.o(x$fpl$dsqrt) for _dsqrt
    sqrt_x.o(i.__sqrt$lsc) refers (Special) to usenofp.o(x$fpl$usenofp) for __I$use$fp
    sqrt_x.o(i.__sqrt$lsc) refers to dleqf.o(x$fpl$dleqf) for __aeabi_cdcmple
    sqrt_x.o(i.__sqrt$lsc) refers to _rserrno.o(.text) for __set_errno
    sqrt_x.o(i.__sqrt$lsc) refers to dsqrt_noumaal.o(x$fpl$dsqrt) for _dsqrt
    rtentry2.o(.ARM.Collect$$rtentry$$00000008) refers to boardinit2.o(.text) for _platform_post_stackheap_init
    rtentry2.o(.ARM.Collect$$rtentry$$0000000A) refers to libinit.o(.ARM.Collect$$libinit$$00000000) for __rt_lib_init
    rtentry2.o(.ARM.Collect$$rtentry$$0000000B) refers to boardinit3.o(.text) for _platform_post_lib_init
    rtentry2.o(.ARM.Collect$$rtentry$$0000000D) refers to exit.o(.text) for exit
    rtentry2.o(.ARM.Collect$$rtentry$$0000000D) refers to xoa v1.2.0 max=600ma.o(.text) for main
    rtentry2.o(.ARM.exidx) refers to rtentry2.o(.ARM.Collect$$rtentry$$00000001) for .ARM.Collect$$rtentry$$00000001
    rtentry2.o(.ARM.exidx) refers to rtentry2.o(.ARM.Collect$$rtentry$$00000008) for .ARM.Collect$$rtentry$$00000008
    rtentry2.o(.ARM.exidx) refers to rtentry2.o(.ARM.Collect$$rtentry$$0000000A) for .ARM.Collect$$rtentry$$0000000A
    rtentry2.o(.ARM.exidx) refers to rtentry2.o(.ARM.Collect$$rtentry$$0000000B) for .ARM.Collect$$rtentry$$0000000B
    rtentry2.o(.ARM.exidx) refers to rtentry2.o(.ARM.Collect$$rtentry$$0000000D) for .ARM.Collect$$rtentry$$0000000D
    rtentry4.o(.ARM.Collect$$rtentry$$00000004) refers to sys_stackheap_outer.o(.text) for __user_setup_stackheap
    rtentry4.o(.ARM.exidx) refers to rtentry4.o(.ARM.Collect$$rtentry$$00000004) for .ARM.Collect$$rtentry$$00000004
    rt_errno_addr.o(.text) refers to rt_errno_addr.o(.bss) for __aeabi_errno_addr_data
    rt_errno_addr_intlibspace.o(.text) refers to libspace.o(.bss) for __libspace_start
    dcheck1.o(x$fpl$dcheck1) refers (Special) to usenofp.o(x$fpl$usenofp) for __I$use$fp
    dcheck1.o(x$fpl$dcheck1) refers to retnan.o(x$fpl$retnan) for __fpl_return_NaN
    deqf.o(x$fpl$deqf) refers (Special) to usenofp.o(x$fpl$usenofp) for __I$use$fp
    deqf.o(x$fpl$deqf) refers to dnaninf.o(x$fpl$dnaninf) for __fpl_dnaninf
    deqf.o(x$fpl$deqf) refers to dcmpi.o(x$fpl$dcmpinf) for __fpl_dcmp_Inf
    dsqrt_noumaal.o(x$fpl$dsqrt) refers (Special) to usenofp.o(x$fpl$usenofp) for __I$use$fp
    dsqrt_noumaal.o(x$fpl$dsqrt) refers to dnaninf.o(x$fpl$dnaninf) for __fpl_dnaninf
    libspace.o(.text) refers to libspace.o(.bss) for __libspace_start
    sys_stackheap_outer.o(.text) refers to libspace.o(.text) for __user_perproc_libspace
    sys_stackheap_outer.o(.text) refers to startup_rv.o(.text) for __user_initial_stackheap
    exit.o(.text) refers to rtexit.o(.ARM.Collect$$rtexit$$00000000) for __rt_exit
    libinit.o(.ARM.Collect$$libinit$$00000000) refers (Special) to libinit2.o(.ARM.Collect$$libinit$$0000002C) for __rt_lib_init_alloca_1
    libinit.o(.ARM.Collect$$libinit$$00000000) refers (Special) to libinit2.o(.ARM.Collect$$libinit$$0000002A) for __rt_lib_init_argv_1
    libinit.o(.ARM.Collect$$libinit$$00000000) refers (Special) to libinit2.o(.ARM.Collect$$libinit$$00000019) for __rt_lib_init_atexit_1
    libinit.o(.ARM.Collect$$libinit$$00000000) refers (Special) to libinit2.o(.ARM.Collect$$libinit$$0000001F) for __rt_lib_init_clock_1
    libinit.o(.ARM.Collect$$libinit$$00000000) refers (Special) to libinit2.o(.ARM.Collect$$libinit$$00000030) for __rt_lib_init_cpp_1
    libinit.o(.ARM.Collect$$libinit$$00000000) refers (Special) to libinit2.o(.ARM.Collect$$libinit$$0000002E) for __rt_lib_init_exceptions_1
    libinit.o(.ARM.Collect$$libinit$$00000000) refers (Special) to libinit2.o(.ARM.Collect$$libinit$$00000002) for __rt_lib_init_fp_1
    libinit.o(.ARM.Collect$$libinit$$00000000) refers (Special) to libinit2.o(.ARM.Collect$$libinit$$0000001D) for __rt_lib_init_fp_trap_1
    libinit.o(.ARM.Collect$$libinit$$00000000) refers (Special) to libinit2.o(.ARM.Collect$$libinit$$00000021) for __rt_lib_init_getenv_1
    libinit.o(.ARM.Collect$$libinit$$00000000) refers (Special) to libinit2.o(.ARM.Collect$$libinit$$00000008) for __rt_lib_init_heap_1
    libinit.o(.ARM.Collect$$libinit$$00000000) refers (Special) to libinit2.o(.ARM.Collect$$libinit$$0000000F) for __rt_lib_init_lc_collate_1
    libinit.o(.ARM.Collect$$libinit$$00000000) refers (Special) to libinit2.o(.ARM.Collect$$libinit$$00000011) for __rt_lib_init_lc_ctype_1
    libinit.o(.ARM.Collect$$libinit$$00000000) refers (Special) to libinit2.o(.ARM.Collect$$libinit$$00000013) for __rt_lib_init_lc_monetary_1
    libinit.o(.ARM.Collect$$libinit$$00000000) refers (Special) to libinit2.o(.ARM.Collect$$libinit$$00000015) for __rt_lib_init_lc_numeric_1
    libinit.o(.ARM.Collect$$libinit$$00000000) refers (Special) to libinit2.o(.ARM.Collect$$libinit$$00000017) for __rt_lib_init_lc_time_1
    libinit.o(.ARM.Collect$$libinit$$00000000) refers (Special) to libinit2.o(.ARM.Collect$$libinit$$0000000C) for __rt_lib_init_rand_1
    libinit.o(.ARM.Collect$$libinit$$00000000) refers (Special) to libinit2.o(.ARM.Collect$$libinit$$00000031) for __rt_lib_init_return
    libinit.o(.ARM.Collect$$libinit$$00000000) refers (Special) to libinit2.o(.ARM.Collect$$libinit$$0000001B) for __rt_lib_init_signal_1
    libinit.o(.ARM.Collect$$libinit$$00000000) refers (Special) to libinit2.o(.ARM.Collect$$libinit$$00000023) for __rt_lib_init_stdio_1
    libinit.o(.ARM.Collect$$libinit$$00000000) refers (Special) to libinit2.o(.ARM.Collect$$libinit$$0000000A) for __rt_lib_init_user_alloc_1
    retnan.o(x$fpl$retnan) refers (Special) to usenofp.o(x$fpl$usenofp) for __I$use$fp
    retnan.o(x$fpl$retnan) refers to trapv.o(x$fpl$trapveneer) for __fpl_cmpreturn
    rtexit.o(.ARM.Collect$$rtexit$$00000000) refers (Special) to rtexit2.o(.ARM.Collect$$rtexit$$00000004) for __rt_exit_exit
    rtexit.o(.ARM.Collect$$rtexit$$00000000) refers (Special) to rtexit2.o(.ARM.Collect$$rtexit$$00000003) for __rt_exit_ls
    rtexit.o(.ARM.Collect$$rtexit$$00000000) refers (Special) to rtexit2.o(.ARM.Collect$$rtexit$$00000002) for __rt_exit_prels_1
    rtexit.o(.ARM.exidx) refers (Special) to rtexit2.o(.ARM.Collect$$rtexit$$00000004) for __rt_exit_exit
    rtexit.o(.ARM.exidx) refers (Special) to rtexit2.o(.ARM.Collect$$rtexit$$00000003) for __rt_exit_ls
    rtexit.o(.ARM.exidx) refers (Special) to rtexit2.o(.ARM.Collect$$rtexit$$00000002) for __rt_exit_prels_1
    rtexit.o(.ARM.exidx) refers to rtexit.o(.ARM.Collect$$rtexit$$00000000) for .ARM.Collect$$rtexit$$00000000
    libinit2.o(.ARM.Collect$$libinit$$00000001) refers to fpinit.o(x$fpl$fpinit) for _fp_init
    libinit2.o(.ARM.Collect$$libinit$$0000000E) refers to libinit2.o(.ARM.Collect$$libinit$$0000000D) for .ARM.Collect$$libinit$$0000000D
    libinit2.o(.ARM.Collect$$libinit$$00000010) refers to libinit2.o(.ARM.Collect$$libinit$$0000000D) for .ARM.Collect$$libinit$$0000000D
    libinit2.o(.ARM.Collect$$libinit$$00000012) refers to libinit2.o(.ARM.Collect$$libinit$$0000000D) for .ARM.Collect$$libinit$$0000000D
    libinit2.o(.ARM.Collect$$libinit$$00000014) refers to libinit2.o(.ARM.Collect$$libinit$$0000000D) for .ARM.Collect$$libinit$$0000000D
    libinit2.o(.ARM.Collect$$libinit$$00000016) refers to libinit2.o(.ARM.Collect$$libinit$$0000000D) for .ARM.Collect$$libinit$$0000000D
    libinit2.o(.ARM.Collect$$libinit$$00000024) refers to argv_veneer.o(.emb_text) for __ARM_argv_veneer
    libinit2.o(.ARM.Collect$$libinit$$00000025) refers to argv_veneer.o(.emb_text) for __ARM_argv_veneer
    trapv.o(x$fpl$trapveneer) refers (Special) to usenofp.o(x$fpl$usenofp) for __I$use$fp
    rtexit2.o(.ARM.Collect$$rtexit$$00000003) refers to libshutdown.o(.ARM.Collect$$libshutdown$$00000000) for __rt_lib_shutdown
    rtexit2.o(.ARM.Collect$$rtexit$$00000004) refers to sys_exit.o(.text) for _sys_exit
    rtexit2.o(.ARM.exidx) refers to rtexit2.o(.ARM.Collect$$rtexit$$00000001) for .ARM.Collect$$rtexit$$00000001
    rtexit2.o(.ARM.exidx) refers to rtexit2.o(.ARM.Collect$$rtexit$$00000003) for .ARM.Collect$$rtexit$$00000003
    rtexit2.o(.ARM.exidx) refers to rtexit2.o(.ARM.Collect$$rtexit$$00000004) for .ARM.Collect$$rtexit$$00000004
    argv_veneer.o(.emb_text) refers to no_argv.o(.text) for __ARM_get_argv
    sys_exit.o(.text) refers (Special) to use_no_semi.o(.text) for __I$use$semihosting
    sys_exit.o(.text) refers (Special) to indicate_semi.o(.text) for __semihosting_library_function
    _get_argv_nomalloc.o(.text) refers (Special) to hrguard.o(.text) for __heap_region$guard
    _get_argv_nomalloc.o(.text) refers to defsig_rtmem_outer.o(.text) for __rt_SIGRTMEM
    _get_argv_nomalloc.o(.text) refers to sys_command.o(.text) for _sys_command_string
    libshutdown.o(.ARM.Collect$$libshutdown$$00000000) refers (Special) to libshutdown2.o(.ARM.Collect$$libshutdown$$00000006) for __rt_lib_shutdown_fp_trap_1
    libshutdown.o(.ARM.Collect$$libshutdown$$00000000) refers (Special) to libshutdown2.o(.ARM.Collect$$libshutdown$$0000000E) for __rt_lib_shutdown_heap_1
    libshutdown.o(.ARM.Collect$$libshutdown$$00000000) refers (Special) to libshutdown2.o(.ARM.Collect$$libshutdown$$0000000F) for __rt_lib_shutdown_return
    libshutdown.o(.ARM.Collect$$libshutdown$$00000000) refers (Special) to libshutdown2.o(.ARM.Collect$$libshutdown$$00000009) for __rt_lib_shutdown_signal_1
    libshutdown.o(.ARM.Collect$$libshutdown$$00000000) refers (Special) to libshutdown2.o(.ARM.Collect$$libshutdown$$00000003) for __rt_lib_shutdown_stdio_1
    libshutdown.o(.ARM.Collect$$libshutdown$$00000000) refers (Special) to libshutdown2.o(.ARM.Collect$$libshutdown$$0000000B) for __rt_lib_shutdown_user_alloc_1
    sys_command.o(.text) refers (Special) to use_no_semi.o(.text) for __I$use$semihosting
    sys_command.o(.text) refers (Special) to indicate_semi.o(.text) for __semihosting_library_function
    defsig_rtmem_outer.o(.text) refers to defsig_rtmem_inner.o(.text) for __rt_SIGRTMEM_inner
    defsig_rtmem_outer.o(.text) refers to defsig_exit.o(.text) for __sig_exit
    defsig_rtmem_formal.o(.text) refers to rt_raise.o(.text) for __rt_raise
    rt_raise.o(.text) refers to __raise.o(.text) for __raise
    rt_raise.o(.text) refers to sys_exit.o(.text) for _sys_exit
    defsig_exit.o(.text) refers to sys_exit.o(.text) for _sys_exit
    defsig_rtmem_inner.o(.text) refers to defsig_general.o(.text) for __default_signal_display
    __raise.o(.text) refers to __raise.o(i.__ARM_common_call_via_r2) for __ARM_common_call_via_r2
    __raise.o(.text) refers to defsig.o(CL$$defsig) for __default_signal_handler
    defsig_general.o(.text) refers to sys_wrch.o(.text) for _ttywrch
    sys_wrch.o(.text) refers (Special) to use_no_semi.o(.text) for __I$use$semihosting
    sys_wrch.o(.text) refers (Special) to indicate_semi.o(.text) for __semihosting_library_function
    defsig.o(CL$$defsig) refers to defsig_rtmem_inner.o(.text) for __rt_SIGRTMEM_inner
    defsig_abrt_inner.o(.text) refers to defsig_general.o(.text) for __default_signal_display
    defsig_fpe_inner.o(.text) refers to defsig_general.o(.text) for __default_signal_display
    defsig_rtred_inner.o(.text) refers to defsig_general.o(.text) for __default_signal_display
    defsig_stak_inner.o(.text) refers to defsig_general.o(.text) for __default_signal_display
    defsig_pvfn_inner.o(.text) refers to defsig_general.o(.text) for __default_signal_display
    defsig_cppl_inner.o(.text) refers to defsig_general.o(.text) for __default_signal_display
    defsig_segv_inner.o(.text) refers to defsig_general.o(.text) for __default_signal_display
    defsig_other.o(.text) refers to defsig_general.o(.text) for __default_signal_display


==============================================================================

Adding Veneers to the image

    Adding AT veneer (8 bytes, Inline) for call to '__rt_lib_init' from rtentry2.o(.ARM.Collect$$rtentry$$0000000A).
    Adding AT veneer (8 bytes, Inline) for call to '__rt_lib_shutdown' from rtexit2.o(.ARM.Collect$$rtexit$$00000003).
    Adding TA veneer (4 bytes, Inline) for call to '__rt_exit' from exit.o(.text).
    Adding AT veneer (8 bytes, Inline) for call to '__set_errno' from log.o(i.log).
    Adding TA veneer (4 bytes, Inline) for call to '__aeabi_errno_addr' from _rserrno.o(.text).
    Adding AT veneer (8 bytes, Inline) for call to '_sys_exit' from rtexit2.o(.ARM.Collect$$rtexit$$00000004).

6 Veneer(s) (total 40 bytes) added to the image.

==============================================================================

Image Symbol Table

    Local Symbols

    Symbol Name                              Value     Ov Type        Size  Object(Section)

    ../clib/angel/boardlib.s                 0x00000000   Number         0  boardinit2.o ABSOLUTE
    ../clib/angel/boardlib.s                 0x00000000   Number         0  boardinit1.o ABSOLUTE
    ../clib/angel/boardlib.s                 0x00000000   Number         0  boardshut.o ABSOLUTE
    ../clib/angel/boardlib.s                 0x00000000   Number         0  boardinit3.o ABSOLUTE
    ../clib/angel/handlers.s                 0x00000000   Number         0  __scatter_zi.o ABSOLUTE
    ../clib/angel/handlers.s                 0x00000000   Number         0  __scatter_copy.o ABSOLUTE
    ../clib/angel/kernel.s                   0x00000000   Number         0  rtexit2.o ABSOLUTE
    ../clib/angel/kernel.s                   0x00000000   Number         0  rtentry4.o ABSOLUTE
    ../clib/angel/kernel.s                   0x00000000   Number         0  rtentry2.o ABSOLUTE
    ../clib/angel/kernel.s                   0x00000000   Number         0  rtentry.o ABSOLUTE
    ../clib/angel/kernel.s                   0x00000000   Number         0  rtexit.o ABSOLUTE
    ../clib/angel/rt.s                       0x00000000   Number         0  rt_errno_addr.o ABSOLUTE
    ../clib/angel/rt.s                       0x00000000   Number         0  rt_errno_addr_intlibspace.o ABSOLUTE
    ../clib/angel/rt.s                       0x00000000   Number         0  rt_raise.o ABSOLUTE
    ../clib/angel/scatter.s                  0x00000000   Number         0  __scatter.o ABSOLUTE
    ../clib/angel/startup.s                  0x00000000   Number         0  __main.o ABSOLUTE
    ../clib/angel/sys.s                      0x00000000   Number         0  indicate_semi.o ABSOLUTE
    ../clib/angel/sys.s                      0x00000000   Number         0  use_no_semi.o ABSOLUTE
    ../clib/angel/sys.s                      0x00000000   Number         0  sys_stackheap_outer.o ABSOLUTE
    ../clib/angel/sys.s                      0x00000000   Number         0  libspace.o ABSOLUTE
    ../clib/angel/sysapp.c                   0x00000000   Number         0  sys_command.o ABSOLUTE
    ../clib/angel/sysapp.c                   0x00000000   Number         0  sys_wrch.o ABSOLUTE
    ../clib/angel/sysapp.c                   0x00000000   Number         0  sys_exit.o ABSOLUTE
    ../clib/armsys.c                         0x00000000   Number         0  argv_veneer.o ABSOLUTE
    ../clib/armsys.c                         0x00000000   Number         0  no_argv.o ABSOLUTE
    ../clib/armsys.c                         0x00000000   Number         0  argv_veneer.o ABSOLUTE
    ../clib/armsys.c                         0x00000000   Number         0  _get_argv_nomalloc.o ABSOLUTE
    ../clib/fenv.c                           0x00000000   Number         0  _rserrno.o ABSOLUTE
    ../clib/heapalloc.c                      0x00000000   Number         0  hrguard.o ABSOLUTE
    ../clib/heapaux.c                        0x00000000   Number         0  heapauxi.o ABSOLUTE
    ../clib/libinit.s                        0x00000000   Number         0  libinit2.o ABSOLUTE
    ../clib/libinit.s                        0x00000000   Number         0  libshutdown.o ABSOLUTE
    ../clib/libinit.s                        0x00000000   Number         0  libinit.o ABSOLUTE
    ../clib/libinit.s                        0x00000000   Number         0  libshutdown2.o ABSOLUTE
    ../clib/signal.c                         0x00000000   Number         0  defsig_rtmem_outer.o ABSOLUTE
    ../clib/signal.c                         0x00000000   Number         0  defsig_fpe_inner.o ABSOLUTE
    ../clib/signal.c                         0x00000000   Number         0  __raise.o ABSOLUTE
    ../clib/signal.c                         0x00000000   Number         0  defsig_rtmem_inner.o ABSOLUTE
    ../clib/signal.c                         0x00000000   Number         0  defsig_abrt_inner.o ABSOLUTE
    ../clib/signal.c                         0x00000000   Number         0  defsig_exit.o ABSOLUTE
    ../clib/signal.c                         0x00000000   Number         0  defsig_rtred_inner.o ABSOLUTE
    ../clib/signal.c                         0x00000000   Number         0  defsig_stak_inner.o ABSOLUTE
    ../clib/signal.c                         0x00000000   Number         0  defsig_pvfn_inner.o ABSOLUTE
    ../clib/signal.c                         0x00000000   Number         0  defsig_cppl_inner.o ABSOLUTE
    ../clib/signal.c                         0x00000000   Number         0  defsig_segv_inner.o ABSOLUTE
    ../clib/signal.c                         0x00000000   Number         0  defsig_other.o ABSOLUTE
    ../clib/signal.c                         0x00000000   Number         0  defsig_rtmem_formal.o ABSOLUTE
    ../clib/signal.c                         0x00000000   Number         0  defsig_general.o ABSOLUTE
    ../clib/signal.s                         0x00000000   Number         0  defsig.o ABSOLUTE
    ../clib/stdlib.c                         0x00000000   Number         0  exit.o ABSOLUTE
    ../fplib/daddsub.s                       0x00000000   Number         0  daddsub_noclz.o ABSOLUTE
    ../fplib/dcheck1.s                       0x00000000   Number         0  dcheck1.o ABSOLUTE
    ../fplib/dcmpi.s                         0x00000000   Number         0  dcmpi.o ABSOLUTE
    ../fplib/ddiv.s                          0x00000000   Number         0  ddiv.o ABSOLUTE
    ../fplib/deqf.s                          0x00000000   Number         0  deqf.o ABSOLUTE
    ../fplib/dfixu.s                         0x00000000   Number         0  dfixu.o ABSOLUTE
    ../fplib/dflt.s                          0x00000000   Number         0  dflt_noclz.o ABSOLUTE
    ../fplib/dleqf.s                         0x00000000   Number         0  dleqf.o ABSOLUTE
    ../fplib/dmul.s                          0x00000000   Number         0  dmul.o ABSOLUTE
    ../fplib/dnaninf.s                       0x00000000   Number         0  dnaninf.o ABSOLUTE
    ../fplib/dretinf.s                       0x00000000   Number         0  dretinf.o ABSOLUTE
    ../fplib/drleqf.s                        0x00000000   Number         0  drleqf.o ABSOLUTE
    ../fplib/dsqrt.s                         0x00000000   Number         0  dsqrt_noumaal.o ABSOLUTE
    ../fplib/fpinit.s                        0x00000000   Number         0  fpinit.o ABSOLUTE
    ../fplib/retnan.s                        0x00000000   Number         0  retnan.o ABSOLUTE
    ../fplib/scalbn.s                        0x00000000   Number         0  scalbn.o ABSOLUTE
    ../fplib/trapv.s                         0x00000000   Number         0  trapv.o ABSOLUTE
    ../fplib/usenofp.s                       0x00000000   Number         0  usenofp.o ABSOLUTE
    ../mathlib/dunder.c                      0x00000000   Number         0  dunder.o ABSOLUTE
    ../mathlib/fpclassify.c                  0x00000000   Number         0  fpclassify.o ABSOLUTE
    ../mathlib/log.c                         0x00000000   Number         0  log_x.o ABSOLUTE
    ../mathlib/log.c                         0x00000000   Number         0  log.o ABSOLUTE
    ../mathlib/log10.c                       0x00000000   Number         0  log10_x.o ABSOLUTE
    ../mathlib/log10.c                       0x00000000   Number         0  log10.o ABSOLUTE
    ../mathlib/poly.c                        0x00000000   Number         0  poly.o ABSOLUTE
    ../mathlib/pow.c                         0x00000000   Number         0  pow_x.o ABSOLUTE
    ../mathlib/pow.c                         0x00000000   Number         0  pow.o ABSOLUTE
    ../mathlib/qnan.c                        0x00000000   Number         0  qnan.o ABSOLUTE
    ../mathlib/sqrt.c                        0x00000000   Number         0  sqrt.o ABSOLUTE
    ../mathlib/sqrt.c                        0x00000000   Number         0  sqrt_x.o ABSOLUTE
    XOA v1.2.0 max=600mA.c                   0x00000000   Number         0  xoa v1.2.0 max=600ma.o ABSOLUTE
    d:\Keil\ARM\INC\ADI\irq_arm.c            0x00000000   Number         0  irq_arm.o ABSOLUTE
    dc.s                                     0x00000000   Number         0  dc.o ABSOLUTE
    startup_RV.s                             0x00000000   Number         0  startup_rv.o ABSOLUTE
    .data                                    0x00010000   Section       88  xoa v1.2.0 max=600ma.o(.data)
    .data                                    0x00010058   Section       24  irq_arm.o(.data)
    .bss                                     0x00010070   Section       80  xoa v1.2.0 max=600ma.o(.bss)
    .bss                                     0x000100c0   Section       96  libspace.o(.bss)
    HEAP                                     0x00010120   Section        0  startup_rv.o(HEAP)
    STACK                                    0x00010120   Section     1664  startup_rv.o(STACK)
    Heap_Mem                                 0x00010120   Data           0  startup_rv.o(HEAP)
    Stack_Mem                                0x00010120   Data        1664  startup_rv.o(STACK)
    Stack_Top                                0x000107a0   Data           0  startup_rv.o(STACK)
    Reset                                    0x00080000   Section      188  startup_rv.o(Reset)
    !!!main                                  0x000800bc   Section        8  __main.o(!!!main)
    !!!scatter                               0x000800c4   Section       60  __scatter.o(!!!scatter)
    !!handler_copy                           0x00080100   Section       40  __scatter_copy.o(!!handler_copy)
    !!handler_zi                             0x00080128   Section       44  __scatter_zi.o(!!handler_zi)
    .ARM.Collect$$libinit$$00000000          0x0008015c   Section        2  libinit.o(.ARM.Collect$$libinit$$00000000)
    .ARM.Collect$$libinit$$00000002          0x0008015e   Section        0  libinit2.o(.ARM.Collect$$libinit$$00000002)
    .ARM.Collect$$libinit$$00000008          0x0008015e   Section        0  libinit2.o(.ARM.Collect$$libinit$$00000008)
    .ARM.Collect$$libinit$$0000000A          0x0008015e   Section        0  libinit2.o(.ARM.Collect$$libinit$$0000000A)
    .ARM.Collect$$libinit$$0000000C          0x0008015e   Section        0  libinit2.o(.ARM.Collect$$libinit$$0000000C)
    .ARM.Collect$$libinit$$0000000F          0x0008015e   Section        0  libinit2.o(.ARM.Collect$$libinit$$0000000F)
    .ARM.Collect$$libinit$$00000011          0x0008015e   Section        0  libinit2.o(.ARM.Collect$$libinit$$00000011)
    .ARM.Collect$$libinit$$00000013          0x0008015e   Section        0  libinit2.o(.ARM.Collect$$libinit$$00000013)
    .ARM.Collect$$libinit$$00000015          0x0008015e   Section        0  libinit2.o(.ARM.Collect$$libinit$$00000015)
    .ARM.Collect$$libinit$$00000017          0x0008015e   Section        0  libinit2.o(.ARM.Collect$$libinit$$00000017)
    .ARM.Collect$$libinit$$00000019          0x0008015e   Section        0  libinit2.o(.ARM.Collect$$libinit$$00000019)
    .ARM.Collect$$libinit$$0000001B          0x0008015e   Section        0  libinit2.o(.ARM.Collect$$libinit$$0000001B)
    .ARM.Collect$$libinit$$0000001D          0x0008015e   Section        0  libinit2.o(.ARM.Collect$$libinit$$0000001D)
    .ARM.Collect$$libinit$$0000001F          0x0008015e   Section        0  libinit2.o(.ARM.Collect$$libinit$$0000001F)
    .ARM.Collect$$libinit$$00000021          0x0008015e   Section        0  libinit2.o(.ARM.Collect$$libinit$$00000021)
    .ARM.Collect$$libinit$$00000023          0x0008015e   Section        0  libinit2.o(.ARM.Collect$$libinit$$00000023)
    .ARM.Collect$$libinit$$0000002A          0x0008015e   Section        0  libinit2.o(.ARM.Collect$$libinit$$0000002A)
    .ARM.Collect$$libinit$$0000002C          0x0008015e   Section        0  libinit2.o(.ARM.Collect$$libinit$$0000002C)
    .ARM.Collect$$libinit$$0000002E          0x0008015e   Section        0  libinit2.o(.ARM.Collect$$libinit$$0000002E)
    .ARM.Collect$$libinit$$00000030          0x0008015e   Section        0  libinit2.o(.ARM.Collect$$libinit$$00000030)
    .ARM.Collect$$libinit$$00000031          0x0008015e   Section       12  libinit2.o(.ARM.Collect$$libinit$$00000031)
    .ARM.Collect$$libshutdown$$00000000      0x00080174   Section        4  libshutdown.o(.ARM.Collect$$libshutdown$$00000000)
    .ARM.Collect$$libshutdown$$00000003      0x00080178   Section        0  libshutdown2.o(.ARM.Collect$$libshutdown$$00000003)
    .ARM.Collect$$libshutdown$$00000006      0x00080178   Section        0  libshutdown2.o(.ARM.Collect$$libshutdown$$00000006)
    .ARM.Collect$$libshutdown$$00000009      0x00080178   Section        0  libshutdown2.o(.ARM.Collect$$libshutdown$$00000009)
    .ARM.Collect$$libshutdown$$0000000B      0x00080178   Section        0  libshutdown2.o(.ARM.Collect$$libshutdown$$0000000B)
    .ARM.Collect$$libshutdown$$0000000E      0x00080178   Section        0  libshutdown2.o(.ARM.Collect$$libshutdown$$0000000E)
    .ARM.Collect$$libshutdown$$0000000F      0x00080178   Section        6  libshutdown2.o(.ARM.Collect$$libshutdown$$0000000F)
    .ARM.Collect$$rtentry$$00000000          0x00080180   Section        0  rtentry.o(.ARM.Collect$$rtentry$$00000000)
    .ARM.Collect$$rtentry$$00000002          0x00080180   Section        0  rtentry2.o(.ARM.Collect$$rtentry$$00000002)
    .ARM.Collect$$rtentry$$00000004          0x00080180   Section        8  rtentry4.o(.ARM.Collect$$rtentry$$00000004)
    .ARM.Collect$$rtentry$$00000009          0x00080188   Section        0  rtentry2.o(.ARM.Collect$$rtentry$$00000009)
    .ARM.Collect$$rtentry$$0000000A          0x00080188   Section        4  rtentry2.o(.ARM.Collect$$rtentry$$0000000A)
    .ARM.Collect$$rtentry$$0000000C          0x0008018c   Section        0  rtentry2.o(.ARM.Collect$$rtentry$$0000000C)
    .ARM.Collect$$rtentry$$0000000D          0x0008018c   Section       40  rtentry2.o(.ARM.Collect$$rtentry$$0000000D)
    .ARM.Collect$$rtexit$$00000000           0x000801b8   Section        4  rtexit.o(.ARM.Collect$$rtexit$$00000000)
    .ARM.Collect$$rtexit$$00000002           0x000801bc   Section        0  rtexit2.o(.ARM.Collect$$rtexit$$00000002)
    .ARM.Collect$$rtexit$$00000003           0x000801bc   Section        4  rtexit2.o(.ARM.Collect$$rtexit$$00000003)
    .ARM.Collect$$rtexit$$00000004           0x000801c0   Section        8  rtexit2.o(.ARM.Collect$$rtexit$$00000004)
    .text                                    0x000801c8   Section        0  xoa v1.2.0 max=600ma.o(.text)
    .text                                    0x0008200c   Section       32  startup_rv.o(.text)
    .text                                    0x0008202c   Section        0  irq_arm.o(.text)
    .text                                    0x0008214c   Section        0  heapauxi.o(.text)
    .text                                    0x0008215c   Section        0  _rserrno.o(.text)
    .text                                    0x0008217c   Section       12  rt_errno_addr_intlibspace.o(.text)
    .text                                    0x00082188   Section       12  libspace.o(.text)
    .text                                    0x00082194   Section       96  sys_stackheap_outer.o(.text)
    .text                                    0x000821f4   Section        0  exit.o(.text)
    .text                                    0x00082208   Section        0  sys_exit.o(.text)
    .text                                    0x00082214   Section        4  use_no_semi.o(.text)
    .text                                    0x00082218   Section        0  indicate_semi.o(.text)
    i.__ARM_fpclassify                       0x00082218   Section        0  fpclassify.o(i.__ARM_fpclassify)
    i.__kernel_poly                          0x00082248   Section        0  poly.o(i.__kernel_poly)
    i.__mathlib_dbl_underflow                0x00082348   Section        0  dunder.o(i.__mathlib_dbl_underflow)
    i.log                                    0x0008235c   Section        0  log.o(i.log)
    i.log10                                  0x000828e0   Section        0  log10.o(i.log10)
    i.pow                                    0x00082a60   Section        0  pow.o(i.pow)
    i.sqrt                                   0x00083968   Section        0  sqrt.o(i.sqrt)
    x$fpl$dadd                               0x000839d8   Section      340  daddsub_noclz.o(x$fpl$dadd)
    _dadd1                                   0x000839e8   ARM Code       0  daddsub_noclz.o(x$fpl$dadd)
    x$fpl$dcheck1                            0x00083b2c   Section       16  dcheck1.o(x$fpl$dcheck1)
    x$fpl$dcmpinf                            0x00083b3c   Section       28  dcmpi.o(x$fpl$dcmpinf)
    x$fpl$ddiv                               0x00083b58   Section      736  ddiv.o(x$fpl$ddiv)
    ddiv_entry                               0x00083b60   ARM Code       0  ddiv.o(x$fpl$ddiv)
    x$fpl$deqf                               0x00083e38   Section      148  deqf.o(x$fpl$deqf)
    x$fpl$dfixu                              0x00083ecc   Section      112  dfixu.o(x$fpl$dfixu)
    x$fpl$dflt                               0x00083f3c   Section       88  dflt_noclz.o(x$fpl$dflt)
    x$fpl$dfltu                              0x00083f94   Section       12  dflt_noclz.o(x$fpl$dfltu)
    x$fpl$dleqf                              0x00083fa0   Section      148  dleqf.o(x$fpl$dleqf)
    x$fpl$dmul                               0x00084034   Section      384  dmul.o(x$fpl$dmul)
    x$fpl$dnaninf                            0x000841b4   Section      192  dnaninf.o(x$fpl$dnaninf)
    x$fpl$dretinf                            0x00084274   Section       16  dretinf.o(x$fpl$dretinf)
    x$fpl$drleqf                             0x00084284   Section      140  drleqf.o(x$fpl$drleqf)
    x$fpl$drsb                               0x00084310   Section       24  daddsub_noclz.o(x$fpl$drsb)
    x$fpl$dsqrt                              0x00084328   Section      520  dsqrt_noumaal.o(x$fpl$dsqrt)
    x$fpl$dsub                               0x00084530   Section      580  daddsub_noclz.o(x$fpl$dsub)
    _dsub1                                   0x00084540   ARM Code       0  daddsub_noclz.o(x$fpl$dsub)
    x$fpl$retnan                             0x00084774   Section      116  retnan.o(x$fpl$retnan)
    x$fpl$scalbn                             0x000847e8   Section      104  scalbn.o(x$fpl$scalbn)
    x$fpl$trapveneer                         0x00084850   Section       60  trapv.o(x$fpl$trapveneer)
    x$fpl$usenofp                            0x0008488c   Section        0  usenofp.o(x$fpl$usenofp)
    .constdata                               0x00084890   Section      136  pow.o(.constdata)
    bp                                       0x00084890   Data          16  pow.o(.constdata)
    dp_h                                     0x000848a0   Data          16  pow.o(.constdata)
    dp_l                                     0x000848b0   Data          16  pow.o(.constdata)
    L                                        0x000848c0   Data          48  pow.o(.constdata)
    P                                        0x000848f0   Data          40  pow.o(.constdata)
    .constdata                               0x00084918   Section       56  log.o(.constdata)
    Lg2                                      0x00084918   Data          24  log.o(.constdata)
    Lg                                       0x00084930   Data          32  log.o(.constdata)
    .constdata                               0x00084950   Section        8  qnan.o(.constdata)

    Global Symbols

    Symbol Name                              Value     Ov Type        Size  Object(Section)

    BuildAttributes$$THM_ISAv1$ARM_ISAv4$S$PE$A:L22$X:L11$S22$IEEE1$IW$USESV6$~STKCKD$USESV7$~SHL$OTIME$ROPI$IEEEX$EBA8$UX$STANDARDLIB$REQ8$PRES8$EABIv2 0x00000000   Number         0  anon$$obj.o ABSOLUTE
    __ARM_use_no_argv                        0x00000000   Number         0  xoa v1.2.0 max=600ma.o ABSOLUTE
    __ARM_exceptions_init                     - Undefined Weak Reference
    __alloca_initialize                       - Undefined Weak Reference
    __cpp_initialize__aeabi_                  - Undefined Weak Reference
    __cxa_finalize                            - Undefined Weak Reference
    __rt_locale                               - Undefined Weak Reference
    __sigvec_lookup                           - Undefined Weak Reference
    _atexit_init                              - Undefined Weak Reference
    _call_atexit_fns                          - Undefined Weak Reference
    _clock_init                               - Undefined Weak Reference
    _fp_trap_init                             - Undefined Weak Reference
    _fp_trap_shutdown                         - Undefined Weak Reference
    _get_lc_collate                           - Undefined Weak Reference
    _get_lc_ctype                             - Undefined Weak Reference
    _get_lc_monetary                          - Undefined Weak Reference
    _get_lc_numeric                           - Undefined Weak Reference
    _get_lc_time                              - Undefined Weak Reference
    _getenv_init                              - Undefined Weak Reference
    _handle_redirection                       - Undefined Weak Reference
    _init_alloc                               - Undefined Weak Reference
    _init_user_alloc                          - Undefined Weak Reference
    _initio                                   - Undefined Weak Reference
    _rand_init                                - Undefined Weak Reference
    _signal_finish                            - Undefined Weak Reference
    _signal_init                              - Undefined Weak Reference
    _terminate_alloc                          - Undefined Weak Reference
    _terminate_user_alloc                     - Undefined Weak Reference
    _terminateio                              - Undefined Weak Reference
    Rth                                      0x00010000   Data           8  xoa v1.2.0 max=600ma.o(.data)
    Coe                                      0x00010008   Data           8  xoa v1.2.0 max=600ma.o(.data)
    Bias_V                                   0x00010010   Data           2  xoa v1.2.0 max=600ma.o(.data)
    indx                                     0x00010012   Data           1  xoa v1.2.0 max=600ma.o(.data)
    j                                        0x00010013   Data           1  xoa v1.2.0 max=600ma.o(.data)
    Update                                   0x00010014   Data           1  xoa v1.2.0 max=600ma.o(.data)
    status                                   0x00010015   Data           1  xoa v1.2.0 max=600ma.o(.data)
    data                                     0x00010016   Data           8  xoa v1.2.0 max=600ma.o(.data)
    APC                                      0x0001001e   Data           2  xoa v1.2.0 max=600ma.o(.data)
    ACC                                      0x00010020   Data           2  xoa v1.2.0 max=600ma.o(.data)
    Power_i                                  0x00010022   Data           2  xoa v1.2.0 max=600ma.o(.data)
    Power_o                                  0x00010024   Data           2  xoa v1.2.0 max=600ma.o(.data)
    Current                                  0x00010026   Data           2  xoa v1.2.0 max=600ma.o(.data)
    sum                                      0x00010028   Data           4  xoa v1.2.0 max=600ma.o(.data)
    avg0                                     0x0001002c   Data           2  xoa v1.2.0 max=600ma.o(.data)
    avg1                                     0x0001002e   Data           2  xoa v1.2.0 max=600ma.o(.data)
    avg2                                     0x00010030   Data           2  xoa v1.2.0 max=600ma.o(.data)
    avg3                                     0x00010032   Data           2  xoa v1.2.0 max=600ma.o(.data)
    avg4                                     0x00010034   Data           2  xoa v1.2.0 max=600ma.o(.data)
    a                                        0x00010038   Data           4  xoa v1.2.0 max=600ma.o(.data)
    b                                        0x0001003c   Data           2  xoa v1.2.0 max=600ma.o(.data)
    Temperature                              0x0001003e   Data           2  xoa v1.2.0 max=600ma.o(.data)
    Temp                                     0x00010040   Data           2  xoa v1.2.0 max=600ma.o(.data)
    Imax                                     0x00010042   Data           2  xoa v1.2.0 max=600ma.o(.data)
    Pmax                                     0x00010044   Data           2  xoa v1.2.0 max=600ma.o(.data)
    Pmin                                     0x00010046   Data           2  xoa v1.2.0 max=600ma.o(.data)
    coe_i                                    0x00010048   Data           8  xoa v1.2.0 max=600ma.o(.data)
    coe_o                                    0x00010050   Data           8  xoa v1.2.0 max=600ma.o(.data)
    IRQ                                      0x00010058   Data           4  irq_arm.o(.data)
    SWI                                      0x0001005c   Data           4  irq_arm.o(.data)
    FIQ                                      0x00010060   Data           4  irq_arm.o(.data)
    UNDEF                                    0x00010064   Data           4  irq_arm.o(.data)
    PABORT                                   0x00010068   Data           4  irq_arm.o(.data)
    DABORT                                   0x0001006c   Data           4  irq_arm.o(.data)
    ADC0_Result                              0x00010070   Data          16  xoa v1.2.0 max=600ma.o(.bss)
    ADC1_Result                              0x00010080   Data          16  xoa v1.2.0 max=600ma.o(.bss)
    ADC2_Result                              0x00010090   Data          16  xoa v1.2.0 max=600ma.o(.bss)
    ADC3_Result                              0x000100a0   Data          16  xoa v1.2.0 max=600ma.o(.bss)
    ADC4_Result                              0x000100b0   Data          16  xoa v1.2.0 max=600ma.o(.bss)
    __libspace_start                         0x000100c0   Data          96  libspace.o(.bss)
    __temporary_stack_top$libspace           0x00010120   Data           0  libspace.o(.bss)
    Reset_Handler                            0x00080040   ARM Code       0  startup_rv.o(Reset)
    __main                                   0x000800bc   ARM Code       8  __main.o(!!!main)
    __scatterload                            0x000800c4   ARM Code       0  __scatter.o(!!!scatter)
    __scatterload_rt2                        0x000800c4   ARM Code      52  __scatter.o(!!!scatter)
    __scatterload_null                       0x000800d8   ARM Code       0  __scatter.o(!!!scatter)
    __scatterload_copy                       0x00080100   ARM Code      40  __scatter_copy.o(!!handler_copy)
    __scatterload_zeroinit                   0x00080128   ARM Code      44  __scatter_zi.o(!!handler_zi)
    Inline ARM to Thumb Veneer to __rt_lib_init 0x00080154   ARM Code       8  libinit.o(.ARM.Collect$$libinit$$00000000)
    __rt_lib_init                            0x0008015d   Thumb Code     0  libinit.o(.ARM.Collect$$libinit$$00000000)
    __rt_lib_init_alloca_1                   0x0008015f   Thumb Code     0  libinit2.o(.ARM.Collect$$libinit$$0000002C)
    __rt_lib_init_argv_1                     0x0008015f   Thumb Code     0  libinit2.o(.ARM.Collect$$libinit$$0000002A)
    __rt_lib_init_atexit_1                   0x0008015f   Thumb Code     0  libinit2.o(.ARM.Collect$$libinit$$00000019)
    __rt_lib_init_clock_1                    0x0008015f   Thumb Code     0  libinit2.o(.ARM.Collect$$libinit$$0000001F)
    __rt_lib_init_cpp_1                      0x0008015f   Thumb Code     0  libinit2.o(.ARM.Collect$$libinit$$00000030)
    __rt_lib_init_exceptions_1               0x0008015f   Thumb Code     0  libinit2.o(.ARM.Collect$$libinit$$0000002E)
    __rt_lib_init_fp_1                       0x0008015f   Thumb Code     0  libinit2.o(.ARM.Collect$$libinit$$00000002)
    __rt_lib_init_fp_trap_1                  0x0008015f   Thumb Code     0  libinit2.o(.ARM.Collect$$libinit$$0000001D)
    __rt_lib_init_getenv_1                   0x0008015f   Thumb Code     0  libinit2.o(.ARM.Collect$$libinit$$00000021)
    __rt_lib_init_heap_1                     0x0008015f   Thumb Code     0  libinit2.o(.ARM.Collect$$libinit$$00000008)
    __rt_lib_init_lc_collate_1               0x0008015f   Thumb Code     0  libinit2.o(.ARM.Collect$$libinit$$0000000F)
    __rt_lib_init_lc_ctype_1                 0x0008015f   Thumb Code     0  libinit2.o(.ARM.Collect$$libinit$$00000011)
    __rt_lib_init_lc_monetary_1              0x0008015f   Thumb Code     0  libinit2.o(.ARM.Collect$$libinit$$00000013)
    __rt_lib_init_lc_numeric_1               0x0008015f   Thumb Code     0  libinit2.o(.ARM.Collect$$libinit$$00000015)
    __rt_lib_init_lc_time_1                  0x0008015f   Thumb Code     0  libinit2.o(.ARM.Collect$$libinit$$00000017)
    __rt_lib_init_rand_1                     0x0008015f   Thumb Code     0  libinit2.o(.ARM.Collect$$libinit$$0000000C)
    __rt_lib_init_return                     0x0008015f   Thumb Code     0  libinit2.o(.ARM.Collect$$libinit$$00000031)
    __rt_lib_init_signal_1                   0x0008015f   Thumb Code     0  libinit2.o(.ARM.Collect$$libinit$$0000001B)
    __rt_lib_init_stdio_1                    0x0008015f   Thumb Code     0  libinit2.o(.ARM.Collect$$libinit$$00000023)
    __rt_lib_init_user_alloc_1               0x0008015f   Thumb Code     0  libinit2.o(.ARM.Collect$$libinit$$0000000A)
    Inline ARM to Thumb Veneer to __rt_lib_shutdown 0x0008016c   ARM Code       8  libshutdown.o(.ARM.Collect$$libshutdown$$00000000)
    __rt_lib_shutdown                        0x00080175   Thumb Code     0  libshutdown.o(.ARM.Collect$$libshutdown$$00000000)
    __rt_lib_shutdown_fp_trap_1              0x00080179   Thumb Code     0  libshutdown2.o(.ARM.Collect$$libshutdown$$00000006)
    __rt_lib_shutdown_heap_1                 0x00080179   Thumb Code     0  libshutdown2.o(.ARM.Collect$$libshutdown$$0000000E)
    __rt_lib_shutdown_return                 0x00080179   Thumb Code     0  libshutdown2.o(.ARM.Collect$$libshutdown$$0000000F)
    __rt_lib_shutdown_signal_1               0x00080179   Thumb Code     0  libshutdown2.o(.ARM.Collect$$libshutdown$$00000009)
    __rt_lib_shutdown_stdio_1                0x00080179   Thumb Code     0  libshutdown2.o(.ARM.Collect$$libshutdown$$00000003)
    __rt_lib_shutdown_user_alloc_1           0x00080179   Thumb Code     0  libshutdown2.o(.ARM.Collect$$libshutdown$$0000000B)
    __rt_entry                               0x00080180   ARM Code       0  rtentry.o(.ARM.Collect$$rtentry$$00000000)
    __rt_entry_presh_1                       0x00080180   ARM Code       0  rtentry2.o(.ARM.Collect$$rtentry$$00000002)
    __rt_entry_sh                            0x00080180   ARM Code       0  rtentry4.o(.ARM.Collect$$rtentry$$00000004)
    __rt_entry_li                            0x00080188   ARM Code       0  rtentry2.o(.ARM.Collect$$rtentry$$0000000A)
    __rt_entry_postsh_1                      0x00080188   ARM Code       0  rtentry2.o(.ARM.Collect$$rtentry$$00000009)
    __rt_entry_main                          0x0008018c   ARM Code       0  rtentry2.o(.ARM.Collect$$rtentry$$0000000D)
    __rt_entry_postli_1                      0x0008018c   ARM Code       0  rtentry2.o(.ARM.Collect$$rtentry$$0000000C)
    Inline Thumb to ARM Veneer to __rt_exit  0x000801b5   Thumb Code     4  rtexit.o(.ARM.Collect$$rtexit$$00000000)
    __rt_exit                                0x000801b8   ARM Code       0  rtexit.o(.ARM.Collect$$rtexit$$00000000)
    __rt_exit_ls                             0x000801bc   ARM Code       0  rtexit2.o(.ARM.Collect$$rtexit$$00000003)
    __rt_exit_prels_1                        0x000801bc   ARM Code       0  rtexit2.o(.ARM.Collect$$rtexit$$00000002)
    __rt_exit_exit                           0x000801c0   ARM Code       0  rtexit2.o(.ARM.Collect$$rtexit$$00000004)
    GetTemp                                  0x000801c8   ARM Code     216  xoa v1.2.0 max=600ma.o(.text)
    delay                                    0x000802a0   ARM Code      20  xoa v1.2.0 max=600ma.o(.text)
    mw2dbm                                   0x000802b4   ARM Code     212  xoa v1.2.0 max=600ma.o(.text)
    Getdbm_input                             0x00080388   ARM Code     100  xoa v1.2.0 max=600ma.o(.text)
    SetDAC                                   0x000803ec   ARM Code     116  xoa v1.2.0 max=600ma.o(.text)
    PIDCalc                                  0x00080460   ARM Code     280  xoa v1.2.0 max=600ma.o(.text)
    SetCurrent                               0x00080578   ARM Code     140  xoa v1.2.0 max=600ma.o(.text)
    Getcurrent                               0x00080604   ARM Code     164  xoa v1.2.0 max=600ma.o(.text)
    dbm2mw                                   0x000806a8   ARM Code      68  xoa v1.2.0 max=600ma.o(.text)
    SetPdbm                                  0x000806ec   ARM Code     276  xoa v1.2.0 max=600ma.o(.text)
    Getdbm_output                            0x00080800   ARM Code     100  xoa v1.2.0 max=600ma.o(.text)
    PIDInit                                  0x00080864   ARM Code      88  xoa v1.2.0 max=600ma.o(.text)
    IIC_Stop                                 0x000808bc   ARM Code      88  xoa v1.2.0 max=600ma.o(.text)
    IIC_Ack                                  0x00080914   ARM Code      88  xoa v1.2.0 max=600ma.o(.text)
    IIC_NAck                                 0x0008096c   ARM Code      88  xoa v1.2.0 max=600ma.o(.text)
    IIC_Read_Byte                            0x000809c4   ARM Code     164  xoa v1.2.0 max=600ma.o(.text)
    IIC_Wait_Ack                             0x00080a68   ARM Code     140  xoa v1.2.0 max=600ma.o(.text)
    IIC_Send_Byte                            0x00080af4   ARM Code     164  xoa v1.2.0 max=600ma.o(.text)
    IIC_Start                                0x00080b98   ARM Code      80  xoa v1.2.0 max=600ma.o(.text)
    AT24CXX_ReadOneByte                      0x00080be8   ARM Code      84  xoa v1.2.0 max=600ma.o(.text)
    IsValid_ACC                              0x00080c3c   ARM Code      80  xoa v1.2.0 max=600ma.o(.text)
    IsValid_APC                              0x00080c8c   ARM Code     144  xoa v1.2.0 max=600ma.o(.text)
    ADCPoweron                               0x00080d1c   ARM Code      32  xoa v1.2.0 max=600ma.o(.text)
    AT24CXX_WriteOneByte                     0x00080d3c   ARM Code     104  xoa v1.2.0 max=600ma.o(.text)
    SelfCal_output                           0x00080da4   ARM Code     136  xoa v1.2.0 max=600ma.o(.text)
    SelfCal_input                            0x00080e2c   ARM Code     136  xoa v1.2.0 max=600ma.o(.text)
    My_IRQ_Function                          0x00080eb4   ARM Code    2048  xoa v1.2.0 max=600ma.o(.text)
    main                                     0x000816b4   ARM Code    2288  xoa v1.2.0 max=600ma.o(.text)
    __user_initial_stackheap                 0x0008200c   ARM Code       0  startup_rv.o(.text)
    IRQ_Handler                              0x0008202c   ARM Code      44  irq_arm.o(.text)
    FIQ_Handler                              0x00082058   ARM Code      44  irq_arm.o(.text)
    SWI_Handler                              0x00082084   ARM Code      44  irq_arm.o(.text)
    Undef_Handler                            0x000820b0   ARM Code      44  irq_arm.o(.text)
    PAbt_Handler                             0x000820dc   ARM Code      44  irq_arm.o(.text)
    DAbt_Handler                             0x00082108   ARM Code      44  irq_arm.o(.text)
    __use_two_region_memory                  0x0008214d   Thumb Code     2  heapauxi.o(.text)
    __rt_heap_escrow$2region                 0x0008214f   Thumb Code     2  heapauxi.o(.text)
    __rt_heap_expand$2region                 0x00082151   Thumb Code     2  heapauxi.o(.text)
    Inline ARM to Thumb Veneer to __set_errno 0x00082154   ARM Code       8  _rserrno.o(.text)
    __read_errno                             0x0008215d   Thumb Code    14  _rserrno.o(.text)
    __set_errno                              0x0008216b   Thumb Code    12  _rserrno.o(.text)
    Inline Thumb to ARM Veneer to __aeabi_errno_addr 0x00082179   Thumb Code     4  rt_errno_addr_intlibspace.o(.text)
    __aeabi_errno_addr                       0x0008217c   ARM Code      12  rt_errno_addr_intlibspace.o(.text)
    __errno$intlibspace                      0x0008217c   ARM Code       0  rt_errno_addr_intlibspace.o(.text)
    __rt_errno_addr$intlibspace              0x0008217c   ARM Code       0  rt_errno_addr_intlibspace.o(.text)
    __user_libspace                          0x00082188   ARM Code      12  libspace.o(.text)
    __user_perproc_libspace                  0x00082188   ARM Code       0  libspace.o(.text)
    __user_perthread_libspace                0x00082188   ARM Code       0  libspace.o(.text)
    __user_setup_stackheap                   0x00082194   ARM Code      96  sys_stackheap_outer.o(.text)
    exit                                     0x000821f5   Thumb Code    12  exit.o(.text)
    Inline ARM to Thumb Veneer to _sys_exit  0x00082200   ARM Code       8  sys_exit.o(.text)
    _sys_exit                                0x00082209   Thumb Code     8  sys_exit.o(.text)
    __I$use$semihosting                      0x00082214   ARM Code       0  use_no_semi.o(.text)
    __use_no_semihosting_swi                 0x00082214   ARM Code       4  use_no_semi.o(.text)
    __ARM_fpclassify                         0x00082218   ARM Code      48  fpclassify.o(i.__ARM_fpclassify)
    __semihosting_library_function           0x00082218   ARM Code       0  indicate_semi.o(.text)
    __kernel_poly                            0x00082248   ARM Code     256  poly.o(i.__kernel_poly)
    __mathlib_dbl_underflow                  0x00082348   ARM Code      20  dunder.o(i.__mathlib_dbl_underflow)
    log                                      0x0008235c   ARM Code    1380  log.o(i.log)
    log10                                    0x000828e0   ARM Code     360  log10.o(i.log10)
    pow                                      0x00082a60   ARM Code    3848  pow.o(i.pow)
    sqrt                                     0x00083968   ARM Code     112  sqrt.o(i.sqrt)
    __aeabi_dadd                             0x000839d8   ARM Code       0  daddsub_noclz.o(x$fpl$dadd)
    _dadd                                    0x000839d8   ARM Code     336  daddsub_noclz.o(x$fpl$dadd)
    __fpl_dcheck_NaN1                        0x00083b2c   ARM Code      12  dcheck1.o(x$fpl$dcheck1)
    __fpl_dcmp_Inf                           0x00083b3c   ARM Code      28  dcmpi.o(x$fpl$dcmpinf)
    __aeabi_ddiv                             0x00083b58   ARM Code       0  ddiv.o(x$fpl$ddiv)
    _ddiv                                    0x00083b58   ARM Code     600  ddiv.o(x$fpl$ddiv)
    __aeabi_cdcmpeq                          0x00083e38   ARM Code       0  deqf.o(x$fpl$deqf)
    _dcmpeq                                  0x00083e38   ARM Code     148  deqf.o(x$fpl$deqf)
    __aeabi_d2uiz                            0x00083ecc   ARM Code       0  dfixu.o(x$fpl$dfixu)
    _dfixu                                   0x00083ecc   ARM Code     112  dfixu.o(x$fpl$dfixu)
    __aeabi_i2d                              0x00083f3c   ARM Code       0  dflt_noclz.o(x$fpl$dflt)
    _dflt                                    0x00083f3c   ARM Code      88  dflt_noclz.o(x$fpl$dflt)
    __dflt_normalise                         0x00083f4c   ARM Code       0  dflt_noclz.o(x$fpl$dflt)
    __aeabi_ui2d                             0x00083f94   ARM Code       0  dflt_noclz.o(x$fpl$dfltu)
    _dfltu                                   0x00083f94   ARM Code      12  dflt_noclz.o(x$fpl$dfltu)
    __aeabi_cdcmple                          0x00083fa0   ARM Code       0  dleqf.o(x$fpl$dleqf)
    _dcmple                                  0x00083fa0   ARM Code     148  dleqf.o(x$fpl$dleqf)
    __fpl_dcmple_InfNaN                      0x0008401c   ARM Code       0  dleqf.o(x$fpl$dleqf)
    __aeabi_dmul                             0x00084034   ARM Code       0  dmul.o(x$fpl$dmul)
    _dmul                                    0x00084034   ARM Code     372  dmul.o(x$fpl$dmul)
    __fpl_dnaninf                            0x000841b4   ARM Code     192  dnaninf.o(x$fpl$dnaninf)
    __fpl_dretinf                            0x00084274   ARM Code      16  dretinf.o(x$fpl$dretinf)
    __aeabi_cdrcmple                         0x00084284   ARM Code       0  drleqf.o(x$fpl$drleqf)
    _drcmple                                 0x00084284   ARM Code     140  drleqf.o(x$fpl$drleqf)
    __aeabi_drsub                            0x00084310   ARM Code       0  daddsub_noclz.o(x$fpl$drsb)
    _drsb                                    0x00084310   ARM Code      24  daddsub_noclz.o(x$fpl$drsb)
    _dsqrt                                   0x00084328   ARM Code     516  dsqrt_noumaal.o(x$fpl$dsqrt)
    __aeabi_dsub                             0x00084530   ARM Code       0  daddsub_noclz.o(x$fpl$dsub)
    _dsub                                    0x00084530   ARM Code     576  daddsub_noclz.o(x$fpl$dsub)
    __fpl_return_NaN                         0x00084774   ARM Code     116  retnan.o(x$fpl$retnan)
    __ARM_scalbn                             0x000847e8   ARM Code     104  scalbn.o(x$fpl$scalbn)
    __fpl_cmpreturn                          0x00084850   ARM Code      60  trapv.o(x$fpl$trapveneer)
    __I$use$fp                               0x0008488c   Number         0  usenofp.o(x$fpl$usenofp)
    __mathlib_zero                           0x00084950   Data           8  qnan.o(.constdata)
    Region$$Table$$Base                      0x00084958   Number         0  anon$$obj.o(Region$$Table)
    Region$$Table$$Limit                     0x00084978   Number         0  anon$$obj.o(Region$$Table)



==============================================================================

Memory Map of the image

  Image Entry point : 0x000800bc

  Load Region LR_IROM1 (Base: 0x00080000, Size: 0x000049e8, Max: 0x0000f800, ABSOLUTE)

    Execution Region RW_IRAM1 (Base: 0x00010000, Size: 0x000007a0, Max: 0x00002000, ABSOLUTE)

    Base Addr    Size         Type   Attr      Idx    E Section Name        Object

    0x00010000   0x00000058   Data   RW            3    .data               xoa v1.2.0 max=600ma.o
    0x00010058   0x00000018   Data   RW           64    .data               irq_arm.o
    0x00010070   0x00000050   Zero   RW            2    .bss                xoa v1.2.0 max=600ma.o
    0x000100c0   0x00000060   Zero   RW          189    .bss                c_t.l(libspace.o)
    0x00010120   0x00000000   Zero   RW           55    HEAP                startup_rv.o
    0x00010120   0x00000680   Zero   RW           54    STACK               startup_rv.o


    Execution Region ER_IROM1 (Base: 0x00080000, Size: 0x00004978, Max: 0x0000f800, ABSOLUTE)

    Base Addr    Size         Type   Attr      Idx    E Section Name        Object

    0x00080000   0x000000bc   Code   RO           56    Reset               startup_rv.o
    0x000800bc   0x00000008   Code   RO           81  * !!!main             c_t.l(__main.o)
    0x000800c4   0x0000003c   Code   RO          330    !!!scatter          c_t.l(__scatter.o)
    0x00080100   0x00000028   Code   RO          332    !!handler_copy      c_t.l(__scatter_copy.o)
    0x00080128   0x0000002c   Code   RO          334    !!handler_zi        c_t.l(__scatter_zi.o)
    0x00080154   0x00000008   Ven    RO          200    .ARM.Collect$$libinit$$00000000  c_t.l(libinit.o)
    0x0008015c   0x00000002   Code   RO          200    .ARM.Collect$$libinit$$00000000  c_t.l(libinit.o)
    0x0008015e   0x00000000   Code   RO          206    .ARM.Collect$$libinit$$00000002  c_t.l(libinit2.o)
    0x0008015e   0x00000000   Code   RO          209    .ARM.Collect$$libinit$$00000008  c_t.l(libinit2.o)
    0x0008015e   0x00000000   Code   RO          211    .ARM.Collect$$libinit$$0000000A  c_t.l(libinit2.o)
    0x0008015e   0x00000000   Code   RO          213    .ARM.Collect$$libinit$$0000000C  c_t.l(libinit2.o)
    0x0008015e   0x00000000   Code   RO          216    .ARM.Collect$$libinit$$0000000F  c_t.l(libinit2.o)
    0x0008015e   0x00000000   Code   RO          218    .ARM.Collect$$libinit$$00000011  c_t.l(libinit2.o)
    0x0008015e   0x00000000   Code   RO          220    .ARM.Collect$$libinit$$00000013  c_t.l(libinit2.o)
    0x0008015e   0x00000000   Code   RO          222    .ARM.Collect$$libinit$$00000015  c_t.l(libinit2.o)
    0x0008015e   0x00000000   Code   RO          224    .ARM.Collect$$libinit$$00000017  c_t.l(libinit2.o)
    0x0008015e   0x00000000   Code   RO          226    .ARM.Collect$$libinit$$00000019  c_t.l(libinit2.o)
    0x0008015e   0x00000000   Code   RO          228    .ARM.Collect$$libinit$$0000001B  c_t.l(libinit2.o)
    0x0008015e   0x00000000   Code   RO          230    .ARM.Collect$$libinit$$0000001D  c_t.l(libinit2.o)
    0x0008015e   0x00000000   Code   RO          232    .ARM.Collect$$libinit$$0000001F  c_t.l(libinit2.o)
    0x0008015e   0x00000000   Code   RO          234    .ARM.Collect$$libinit$$00000021  c_t.l(libinit2.o)
    0x0008015e   0x00000000   Code   RO          236    .ARM.Collect$$libinit$$00000023  c_t.l(libinit2.o)
    0x0008015e   0x00000000   Code   RO          240    .ARM.Collect$$libinit$$0000002A  c_t.l(libinit2.o)
    0x0008015e   0x00000000   Code   RO          242    .ARM.Collect$$libinit$$0000002C  c_t.l(libinit2.o)
    0x0008015e   0x00000000   Code   RO          244    .ARM.Collect$$libinit$$0000002E  c_t.l(libinit2.o)
    0x0008015e   0x00000000   Code   RO          246    .ARM.Collect$$libinit$$00000030  c_t.l(libinit2.o)
    0x0008015e   0x0000000c   Code   RO          247    .ARM.Collect$$libinit$$00000031  c_t.l(libinit2.o)
    0x0008016a   0x00000002   PAD
    0x0008016c   0x00000008   Ven    RO          269    .ARM.Collect$$libshutdown$$00000000  c_t.l(libshutdown.o)
    0x00080174   0x00000004   Code   RO          269    .ARM.Collect$$libshutdown$$00000000  c_t.l(libshutdown.o)
    0x00080178   0x00000000   Code   RO          283    .ARM.Collect$$libshutdown$$00000003  c_t.l(libshutdown2.o)
    0x00080178   0x00000000   Code   RO          286    .ARM.Collect$$libshutdown$$00000006  c_t.l(libshutdown2.o)
    0x00080178   0x00000000   Code   RO          289    .ARM.Collect$$libshutdown$$00000009  c_t.l(libshutdown2.o)
    0x00080178   0x00000000   Code   RO          291    .ARM.Collect$$libshutdown$$0000000B  c_t.l(libshutdown2.o)
    0x00080178   0x00000000   Code   RO          294    .ARM.Collect$$libshutdown$$0000000E  c_t.l(libshutdown2.o)
    0x00080178   0x00000006   Code   RO          295    .ARM.Collect$$libshutdown$$0000000F  c_t.l(libshutdown2.o)
    0x0008017e   0x00000002   PAD
    0x00080180   0x00000000   Code   RO          125    .ARM.Collect$$rtentry$$00000000  c_t.l(rtentry.o)
    0x00080180   0x00000000   Code   RO          163    .ARM.Collect$$rtentry$$00000002  c_t.l(rtentry2.o)
    0x00080180   0x00000008   Code   RO          175    .ARM.Collect$$rtentry$$00000004  c_t.l(rtentry4.o)
    0x00080188   0x00000000   Code   RO          165    .ARM.Collect$$rtentry$$00000009  c_t.l(rtentry2.o)
    0x00080188   0x00000004   Code   RO          166    .ARM.Collect$$rtentry$$0000000A  c_t.l(rtentry2.o)
    0x0008018c   0x00000000   Code   RO          168    .ARM.Collect$$rtentry$$0000000C  c_t.l(rtentry2.o)
    0x0008018c   0x00000028   Code   RO          169    .ARM.Collect$$rtentry$$0000000D  c_t.l(rtentry2.o)
    0x000801b4   0x00000004   Ven    RO          203    .ARM.Collect$$rtexit$$00000000  c_t.l(rtexit.o)
    0x000801b8   0x00000004   Code   RO          203    .ARM.Collect$$rtexit$$00000000  c_t.l(rtexit.o)
    0x000801bc   0x00000000   Code   RO          251    .ARM.Collect$$rtexit$$00000002  c_t.l(rtexit2.o)
    0x000801bc   0x00000004   Code   RO          252    .ARM.Collect$$rtexit$$00000003  c_t.l(rtexit2.o)
    0x000801c0   0x00000008   Code   RO          253    .ARM.Collect$$rtexit$$00000004  c_t.l(rtexit2.o)
    0x000801c8   0x00001e44   Code   RO            1    .text               xoa v1.2.0 max=600ma.o
    0x0008200c   0x00000020   Code   RO           57    .text               startup_rv.o
    0x0008202c   0x00000120   Code   RO           63    .text               irq_arm.o
    0x0008214c   0x00000006   Code   RO           79    .text               c_t.l(heapauxi.o)
    0x00082152   0x00000002   PAD
    0x00082154   0x00000008   Ven    RO          126    .text               c_t.l(_rserrno.o)
    0x0008215c   0x0000001a   Code   RO          126    .text               c_t.l(_rserrno.o)
    0x00082176   0x00000002   PAD
    0x00082178   0x00000004   Ven    RO          180    .text               c_t.l(rt_errno_addr_intlibspace.o)
    0x0008217c   0x0000000c   Code   RO          180    .text               c_t.l(rt_errno_addr_intlibspace.o)
    0x00082188   0x0000000c   Code   RO          188    .text               c_t.l(libspace.o)
    0x00082194   0x00000060   Code   RO          191    .text               c_t.l(sys_stackheap_outer.o)
    0x000821f4   0x0000000c   Code   RO          193    .text               c_t.l(exit.o)
    0x00082200   0x00000008   Ven    RO          261    .text               c_t.l(sys_exit.o)
    0x00082208   0x0000000c   Code   RO          261    .text               c_t.l(sys_exit.o)
    0x00082214   0x00000004   Code   RO          272    .text               c_t.l(use_no_semi.o)
    0x00082218   0x00000000   Code   RO          274    .text               c_t.l(indicate_semi.o)
    0x00082218   0x00000030   Code   RO          139    i.__ARM_fpclassify  m_ts.l(fpclassify.o)
    0x00082248   0x00000100   Code   RO          151    i.__kernel_poly     m_ts.l(poly.o)
    0x00082348   0x00000014   Code   RO          137    i.__mathlib_dbl_underflow  m_ts.l(dunder.o)
    0x0008235c   0x00000584   Code   RO          142    i.log               m_ts.l(log.o)
    0x000828e0   0x00000180   Code   RO          108    i.log10             m_ts.l(log10.o)
    0x00082a60   0x00000f08   Code   RO          116    i.pow               m_ts.l(pow.o)
    0x00083968   0x00000070   Code   RO          155    i.sqrt              m_ts.l(sqrt.o)
    0x000839d8   0x00000154   Code   RO           83    x$fpl$dadd          fz_ts.l(daddsub_noclz.o)
    0x00083b2c   0x00000010   Code   RO          182    x$fpl$dcheck1       fz_ts.l(dcheck1.o)
    0x00083b3c   0x0000001c   Code   RO          128    x$fpl$dcmpinf       fz_ts.l(dcmpi.o)
    0x00083b58   0x000002e0   Code   RO           90    x$fpl$ddiv          fz_ts.l(ddiv.o)
    0x00083e38   0x00000094   Code   RO          184    x$fpl$deqf          fz_ts.l(deqf.o)
    0x00083ecc   0x00000070   Code   RO           93    x$fpl$dfixu         fz_ts.l(dfixu.o)
    0x00083f3c   0x00000058   Code   RO           98    x$fpl$dflt          fz_ts.l(dflt_noclz.o)
    0x00083f94   0x0000000c   Code   RO           97    x$fpl$dfltu         fz_ts.l(dflt_noclz.o)
    0x00083fa0   0x00000094   Code   RO          101    x$fpl$dleqf         fz_ts.l(dleqf.o)
    0x00084034   0x00000180   Code   RO          103    x$fpl$dmul          fz_ts.l(dmul.o)
    0x000841b4   0x000000c0   Code   RO          130    x$fpl$dnaninf       fz_ts.l(dnaninf.o)
    0x00084274   0x00000010   Code   RO          132    x$fpl$dretinf       fz_ts.l(dretinf.o)
    0x00084284   0x0000008c   Code   RO          105    x$fpl$drleqf        fz_ts.l(drleqf.o)
    0x00084310   0x00000018   Code   RO           84    x$fpl$drsb          fz_ts.l(daddsub_noclz.o)
    0x00084328   0x00000208   Code   RO          186    x$fpl$dsqrt         fz_ts.l(dsqrt_noumaal.o)
    0x00084530   0x00000244   Code   RO           85    x$fpl$dsub          fz_ts.l(daddsub_noclz.o)
    0x00084774   0x00000074   Code   RO          201    x$fpl$retnan        fz_ts.l(retnan.o)
    0x000847e8   0x00000068   Code   RO          134    x$fpl$scalbn        fz_ts.l(scalbn.o)
    0x00084850   0x0000003c   Code   RO          248    x$fpl$trapveneer    fz_ts.l(trapv.o)
    0x0008488c   0x00000000   Code   RO          136    x$fpl$usenofp       fz_ts.l(usenofp.o)
    0x0008488c   0x00000004   PAD
    0x00084890   0x00000088   Data   RO          117    .constdata          m_ts.l(pow.o)
    0x00084918   0x00000038   Data   RO          143    .constdata          m_ts.l(log.o)
    0x00084950   0x00000008   Data   RO          153    .constdata          m_ts.l(qnan.o)
    0x00084958   0x00000020   Data   RO          328    Region$$Table       anon$$obj.o


==============================================================================

Image component sizes


      Code (inc. data)   RO Data    RW Data    ZI Data      Debug   Object Name

       288         24          0         24          0       1588   irq_arm.o
       220         56          0          0       1664        416   startup_rv.o
      7748        256          0         88         80      12237   xoa v1.2.0 max=600ma.o

    ----------------------------------------------------------------------
      8256        336         32        112       1744      14241   Object Totals
         0          0         32          0          0          0   (incl. Generated)
         0          0          0          0          0          0   (incl. Padding)

    ----------------------------------------------------------------------

      Code (inc. data)   RO Data    RW Data    ZI Data      Debug   Library Member Name

         8          0          0          0          0         68   __main.o
        60          8          0          0          0          0   __scatter.o
        40          0          0          0          0          0   __scatter_copy.o
        44          0          0          0          0          0   __scatter_zi.o
        34          0          0          0          0        104   _rserrno.o
        12          0          0          0          0         64   exit.o
         6          0          0          0          0        136   heapauxi.o
         0          0          0          0          0          0   indicate_semi.o
        10          0          0          0          0          0   libinit.o
        12          0          0          0          0          0   libinit2.o
        12          0          0          0          0          0   libshutdown.o
         6          0          0          0          0          0   libshutdown2.o
        12          4          0          0         96         68   libspace.o
        16          4          0          0          0         68   rt_errno_addr_intlibspace.o
         0          0          0          0          0          0   rtentry.o
        44          4          0          0          0          0   rtentry2.o
         8          0          0          0          0          0   rtentry4.o
         8          0          0          0          0          0   rtexit.o
        12          0          0          0          0          0   rtexit2.o
        20          4          0          0          0         60   sys_exit.o
        96          0          0          0          0         80   sys_stackheap_outer.o
         4          0          0          0          0         68   use_no_semi.o
       944         16          0          0          0        368   daddsub_noclz.o
        16          4          0          0          0         68   dcheck1.o
        28          0          0          0          0         68   dcmpi.o
       736        140          0          0          0        228   ddiv.o
       148          4          0          0          0         92   deqf.o
       112          4          0          0          0         92   dfixu.o
       100          0          0          0          0        136   dflt_noclz.o
       148          4          0          0          0         92   dleqf.o
       384         16          0          0          0        124   dmul.o
       192          0          0          0          0        108   dnaninf.o
        16          0          0          0          0         68   dretinf.o
       140          0          0          0          0         80   drleqf.o
       520         56          0          0          0        144   dsqrt_noumaal.o
       116          0          0          0          0         68   retnan.o
       104          0          0          0          0         68   scalbn.o
        60          0          0          0          0         68   trapv.o
         0          0          0          0          0          0   usenofp.o
        20          0          0          0          0         68   dunder.o
        48          0          0          0          0         68   fpclassify.o
      1412         32         56          0          0        312   log.o
       384         24          0          0          0        144   log10.o
       256          0          0          0          0        116   poly.o
      3848        100        136          0          0        276   pow.o
         0          0          8          0          0          0   qnan.o
       112          0          0          0          0        100   sqrt.o

    ----------------------------------------------------------------------
     10320        424        200          0         96       3672   Library Totals
        12          0          0          0          0          0   (incl. Padding)

    ----------------------------------------------------------------------

      Code (inc. data)   RO Data    RW Data    ZI Data      Debug   Library Name

       464         24          0          0         96        716   c_t.l
      3764        244          0          0          0       1872   fz_ts.l
      6080        156        200          0          0       1084   m_ts.l

    ----------------------------------------------------------------------
     10320        424        200          0         96       3672   Library Totals

    ----------------------------------------------------------------------

==============================================================================


      Code (inc. data)   RO Data    RW Data    ZI Data      Debug   

     18576        760        232        112       1840      16221   Grand Totals
     18576        760        232        112       1840      16221   ELF Image Totals
     18576        760        232        112          0          0   ROM Totals

==============================================================================

    Total RO  Size (Code + RO Data)                18808 (  18.37kB)
    Total RW  Size (RW Data + ZI Data)              1952 (   1.91kB)
    Total ROM Size (Code + RO Data + RW Data)      18920 (  18.48kB)

==============================================================================

