<html>
<body>
<pre>
<h1>µVision Build Log</h1>
<h2>Project:</h2>
E:\MOPA\XOA\aduc7020\XOA v1.1\XOA.uvproj
Project File Date:  12/25/2017

<h2>Output:</h2>
Build target 'XOA'
linking...
Program Size: Code=18576 RO-data=232 RW-data=112 ZI-data=1840  
FromELF: creating hex file...
".\XOA.axf" - 0 Errors, 0 Warning(s).
Load "E:\\MOPA\\XOA\\aduc7020\\XOA v1.1\\XOA.axf" 
Erase Done.
Programming Done.
Verify OK.
Build target 'XOA'
compiling XOA v1.2.0 max=600mA.c...
linking...
Program Size: Code=18576 RO-data=232 RW-data=112 ZI-data=1840  
FromELF: creating hex file...
".\XOA.axf" - 0 Errors, 0 Warning(s).
Load "E:\\MOPA\\XOA\\aduc7020\\XOA v1.1\\XOA.axf" 
Erase Done.
Programming Done.
Verify OK.
Build target 'XOA'
compiling XOA v1.2.0 max=600mA.c...
linking...
Program Size: Code=18576 RO-data=232 RW-data=112 ZI-data=1840  
FromELF: creating hex file...
".\XOA.axf" - 0 Errors, 0 Warning(s).
Build target 'XOA'
linking...
Program Size: Code=18576 RO-data=232 RW-data=112 ZI-data=1840  
FromELF: creating hex file...
".\XOA.axf" - 0 Errors, 0 Warning(s).
Load "E:\\MOPA\\XOA\\aduc7020\\XOA v1.1\\XOA.axf" 
Load "E:\\MOPA\\XOA\\aduc7020\\XOA v1.1\\XOA.axf" 
Erase Done.
Programming Done.
Verify OK.
